GLIBC_2.2.5 {
    global:
        /* errno */
        __errno_location;

        /* startup */
        __libc_start_main;
        __frankenlibc_startup_phase0;
        __frankenlibc_startup_snapshot;

        /* C++ ABI / stack protection */
        __cxa_atexit;
        __cxa_finalize;
        __cxa_thread_atexit_impl;
        __stack_chk_fail;
        __stack_chk_guard;

        /* program name globals */
        program_invocation_name;
        program_invocation_short_name;
        __progname;

        /* string/memory operations */
        memcpy;
        memmove;
        memset;
        memcmp;
        memchr;
        memrchr;
        memccpy;
        memmem;
        mempcpy;
        strlen;
        strnlen;
        strcmp;
        strncmp;
        strcpy;
        stpcpy;
        strncpy;
        stpncpy;
        strcat;
        strncat;
        strchr;
        strchrnul;
        strrchr;
        strstr;
        strspn;
        strcspn;
        strpbrk;
        strcasecmp;
        strncasecmp;
        strcasestr;
        strdup;
        strndup;
        strerror;
        strerror_r;
        strcoll;
        strxfrm;
        strlcat;
        strlcpy;
        strsep;
        strtok;
        strtok_r;
        strsignal;
        psignal;
        swab;
        index;
        rindex;
        strverscmp;
        rawmemchr;

        /* GNU string extensions */
        strerror_l;
        strerrordesc_np;
        strerrorname_np;
        memfrob;
        strfry;

        /* C23 float-to-string */
        strfromd;
        strfromf;
        strfroml;

        /* BSD/GNU memory operations */
        bcmp;
        bcopy;
        bzero;
        explicit_bzero;

        /* wide string operations */
        wcscat;
        wcschr;
        wcscmp;
        wcscpy;
        wcscspn;
        wcsdup;
        wcslen;
        wcsncat;
        wcsncmp;
        wcsncpy;
        wcspbrk;
        wcsrchr;
        wcsspn;
        wcsstr;
        wcstok;
        wmemchr;
        wmemcmp;
        wmemcpy;
        wmemmove;
        wmemset;
        wcwidth;
        wcsnlen;
        wcswidth;
        wctob;
        btowc;
        wcrtomb;
        mbrtowc;
        mbsrtowcs;
        wcsrtombs;
        wcstol;
        wcstoul;
        wcstod;

        /* wide char classification extras */
        iswblank;
        iswcntrl;
        iswgraph;
        iswpunct;
        iswxdigit;

        /* wide string conversion extras */
        wcstoll;
        wcstoull;
        wcstof;
        wcstold;
        wcsftime;
        wcscoll;
        wcsxfrm;

        /* GNU wide string extensions */
        wcpcpy;
        wcpncpy;
        wcscasecmp;
        wcsncasecmp;
        wmemrchr;

        /* wide I/O */
        fgetwc;
        fputwc;
        ungetwc;
        fgetws;
        fputws;
        getwchar;
        putwchar;
        fwprintf;
        wprintf;
        swprintf;
        vfwprintf;
        vwprintf;
        vswprintf;
        fwscanf;
        wscanf;
        swscanf;
        vfwscanf;
        vwscanf;
        vswscanf;

        /* multibyte/wide character conversion */
        mblen;
        mbtowc;
        wctomb;
        mbstowcs;
        wcstombs;
        mbsinit;
        mbrlen;
        mbsnrtowcs;
        wcsnrtombs;

        /* C11 uchar.h */
        c16rtomb;
        c32rtomb;
        mbrtoc16;
        mbrtoc32;

        /* wide character classification (wctype.h) */
        iswalnum;
        iswalpha;
        iswdigit;
        iswlower;
        iswupper;
        iswspace;
        iswprint;
        towupper;
        towlower;
        iswctype;
        wctype;
        towctrans;
        wctrans;
        wctype_l;
        iswctype_l;
        towupper_l;
        towlower_l;
        wcscoll_l;
        wcsxfrm_l;
        wcsftime_l;
        wcstol_l;
        wcstoul_l;
        wcstoll_l;
        wcstoull_l;
        wcstof_l;
        wcstod_l;
        wcstold_l;

        /* path utilities (libgen.h) */
        basename;
        dirname;
        realpath;
        mkstemp;
        __xpg_basename;
        canonicalize_file_name;

        /* memory allocation */
        malloc;
        free;
        calloc;
        realloc;
        aligned_alloc;
        memalign;
        posix_memalign;
        valloc;
        pvalloc;
        cfree;
        mallopt;
        malloc_usable_size;
        malloc_trim;
        mallinfo;
        mallinfo2;
        malloc_stats;
        malloc_info;

        /* stdlib */
        system;
        putenv;
        abs;
        labs;
        llabs;
        div;
        ldiv;
        lldiv;
        atoi;
        atol;
        atoll;
        atof;
        strtol;
        strtoll;
        strtoul;
        strtoull;
        strtoimax;
        strtoumax;
        strtod;
        strtof;
        strtold;
        qsort;
        bsearch;
        getenv;
        setenv;
        unsetenv;
        secure_getenv;
        rand;
        rand_r;
        srand;
        ffs;
        ffsl;
        ffsll;
        exit;
        atexit;
        reallocarray;
        mkostemp;
        mkstemps;
        mkostemps;
        clearenv;
        drand48;
        erand48;
        lrand48;
        nrand48;
        mrand48;
        jrand48;
        srand48;
        seed48;
        lcong48;
        random;
        srandom;
        initstate;
        setstate;
        qsort_r;
        a64l;
        l64a;
        ecvt;
        fcvt;
        gcvt;
        abort;
        on_exit;
        at_quick_exit;
        quick_exit;
        getsubopt;
        gnu_get_libc_version;
        gnu_get_libc_release;
        confstr;

        /* ctype internal */
        __ctype_b_loc;
        __ctype_toupper_loc;
        __ctype_tolower_loc;

        /* ctype */
        isalnum;
        isalpha;
        isascii;
        isblank;
        iscntrl;
        isdigit;
        isgraph;
        islower;
        isprint;
        ispunct;
        isspace;
        isupper;
        isxdigit;
        toascii;
        tolower;
        toupper;

        /* ctype locale-aware */
        isalpha_l;
        isdigit_l;
        isalnum_l;
        isspace_l;
        isupper_l;
        islower_l;
        isprint_l;
        ispunct_l;
        isxdigit_l;
        isblank_l;
        iscntrl_l;
        isgraph_l;
        toupper_l;
        tolower_l;

        /* stdio unlocked extras */
        getchar_unlocked;
        putchar_unlocked;
        fread_unlocked;
        fwrite_unlocked;
        fgets_unlocked;
        fputs_unlocked;
        clearerr_unlocked;
        fileno_unlocked;
        setbuffer;

        /* stdio extras */
        tempnam;
        mktemp;
        setlinebuf;
        flockfile;
        ftrylockfile;
        funlockfile;
        getc_unlocked;
        putc_unlocked;
        fgetc_unlocked;
        fputc_unlocked;
        feof_unlocked;
        ferror_unlocked;
        fflush_unlocked;
        fcloseall;
        fmemopen;
        open_memstream;
        fopencookie;

        /* stdio */
        printf;
        fprintf;
        sprintf;
        snprintf;
        dprintf;
        asprintf;
        vprintf;
        vfprintf;
        vsprintf;
        vsnprintf;
        vdprintf;
        vasprintf;
        fopen;
        fclose;
        fread;
        fwrite;
        fgetc;
        fgets;
        fputc;
        fputs;
        fflush;
        fseek;
        ftell;
        fseeko;
        ftello;
        rewind;
        feof;
        ferror;
        clearerr;
        fileno;
        setbuf;
        setvbuf;
        getchar;
        putchar;
        puts;
        ungetc;
        perror;
        stdin;
        stdout;
        stderr;
        getc;
        putc;
        fgetpos;
        fsetpos;
        fdopen;
        freopen;
        remove;
        getdelim;
        getline;
        tmpfile;
        tmpnam;
        popen;
        pclose;
        scanf;
        fscanf;
        sscanf;
        vscanf;
        vfscanf;
        vsscanf;
        getw;
        putw;

        /* C99 scanf aliases */
        __isoc99_scanf;
        __isoc99_sscanf;
        __isoc99_fscanf;
        __isoc99_vscanf;
        __isoc99_vsscanf;
        __isoc99_vfscanf;

        /* math operations — double precision */
        sin;
        cos;
        tan;
        asin;
        acos;
        atan;
        atan2;
        sinh;
        cosh;
        tanh;
        asinh;
        acosh;
        atanh;
        exp;
        exp2;
        expm1;
        log;
        log2;
        log10;
        log1p;
        pow;
        sqrt;
        cbrt;
        hypot;
        copysign;
        fabs;
        fdim;
        fma;
        fmax;
        fmin;
        ceil;
        floor;
        round;
        trunc;
        rint;
        nearbyint;
        fmod;
        remainder;
        modf;
        frexp;
        ldexp;
        ilogb;
        logb;
        scalbn;
        scalbln;
        nextafter;
        nexttoward;
        lrint;
        llrint;
        lround;
        llround;
        erf;
        erfc;
        tgamma;
        lgamma;
        remquo;
        sincos;
        nan;
        j0;
        j1;
        jn;
        y0;
        y1;
        yn;
        finite;
        drem;
        gamma;
        significand;
        exp10;
        lgamma_r;
        __fpclassify;
        __signbit;
        __isinf;
        __isnan;
        __finite;

        /* math operations — single precision */
        sinf;
        cosf;
        tanf;
        asinf;
        acosf;
        atanf;
        atan2f;
        sinhf;
        coshf;
        tanhf;
        asinhf;
        acoshf;
        atanhf;
        expf;
        exp2f;
        expm1f;
        logf;
        log2f;
        log10f;
        log1pf;
        logbf;
        powf;
        sqrtf;
        cbrtf;
        hypotf;
        copysignf;
        fabsf;
        fdimf;
        fmaf;
        fmaxf;
        fminf;
        fmodf;
        remainderf;
        ceilf;
        floorf;
        roundf;
        truncf;
        rintf;
        nearbyintf;
        lrintf;
        llrintf;
        lroundf;
        llroundf;
        frexpf;
        ldexpf;
        modff;
        ilogbf;
        scalbnf;
        scalblnf;
        nextafterf;
        nexttowardf;
        erff;
        erfcf;
        tgammaf;
        lgammaf;
        remquof;
        sincosf;
        nanf;
        exp10f;
        j0f;
        j1f;
        jnf;
        y0f;
        y1f;
        ynf;
        finitef;
        dremf;
        gammaf;
        significandf;
        lgammaf_r;
        __fpclassifyf;
        __signbitf;
        __isinff;
        __isnanf;
        __finitef;
        pow10;
        pow10f;

        /* fenv — floating-point environment */
        feclearexcept;
        fegetenv;
        fegetexceptflag;
        fegetround;
        feholdexcept;
        feraiseexcept;
        fesetenv;
        fesetexceptflag;
        fesetround;
        fetestexcept;
        feupdateenv;

        /* iconv */
        iconv_open;
        iconv;
        iconv_close;

        /* locale */
        setlocale;
        localeconv;
        nl_langinfo;
        nl_langinfo_l;
        newlocale;
        uselocale;
        freelocale;
        duplocale;
        catopen;
        catgets;
        catclose;

        /* locale-aware string/time */
        strcoll_l;
        strxfrm_l;
        strftime_l;

        /* locale-aware conversion */
        strtod_l;
        strtof_l;
        strtold_l;
        strtol_l;
        strtoul_l;
        strtoll_l;
        strtoull_l;
        __xpg_strerror_r;

        /* pthread */
        pthread_self;
        pthread_equal;
        pthread_create;
        pthread_join;
        pthread_detach;
        pthread_mutex_init;
        pthread_mutex_destroy;
        pthread_mutex_lock;
        pthread_mutex_trylock;
        pthread_mutex_unlock;
        pthread_rwlock_init;
        pthread_rwlock_destroy;
        pthread_rwlock_rdlock;
        pthread_rwlock_wrlock;
        pthread_rwlock_unlock;
        pthread_cond_init;
        pthread_cond_destroy;
        pthread_cond_signal;
        pthread_cond_broadcast;
        pthread_cond_wait;
        pthread_cond_timedwait;
        pthread_attr_init;
        pthread_attr_destroy;
        pthread_attr_setdetachstate;
        pthread_attr_getdetachstate;
        pthread_attr_setstacksize;
        pthread_attr_getstacksize;
        pthread_mutexattr_init;
        pthread_mutexattr_destroy;
        pthread_mutexattr_settype;
        pthread_mutexattr_gettype;
        pthread_condattr_init;
        pthread_condattr_destroy;
        pthread_condattr_setclock;
        pthread_condattr_getclock;
        pthread_rwlockattr_init;
        pthread_rwlockattr_destroy;
        pthread_rwlock_tryrdlock;
        pthread_rwlock_trywrlock;
        pthread_key_create;
        pthread_key_delete;
        pthread_getspecific;
        pthread_setspecific;
        pthread_once;
        pthread_cancel;
        pthread_setcancelstate;
        pthread_setcanceltype;
        pthread_testcancel;
        pthread_getattr_np;
        pthread_spin_init;
        pthread_spin_destroy;
        pthread_spin_lock;
        pthread_spin_trylock;
        pthread_spin_unlock;
        pthread_barrier_init;
        pthread_barrier_destroy;
        pthread_barrier_wait;
        pthread_setname_np;
        pthread_getname_np;
        pthread_setschedparam;
        pthread_getschedparam;
        pthread_atfork;
        pthread_attr_getguardsize;
        pthread_attr_setguardsize;
        pthread_attr_getaffinity_np;
        pthread_attr_setaffinity_np;

        /* passwd database */
        getpwnam;
        getpwuid;
        getpwent;
        setpwent;
        endpwent;
        getpwnam_r;
        getpwuid_r;

        /* group database */
        getgrnam;
        getgrgid;
        getgrent;
        setgrent;
        endgrent;
        getgrnam_r;
        getgrgid_r;

        /* socket operations */
        socket;
        bind;
        listen;
        accept;
        accept4;
        connect;
        send;
        recv;
        sendto;
        recvfrom;
        sendmsg;
        recvmsg;
        shutdown;
        setsockopt;
        getsockopt;
        getpeername;
        getsockname;
        socketpair;

        /* resolver */
        getaddrinfo;
        freeaddrinfo;
        getnameinfo;
        gai_strerror;
        gethostbyname;
        gethostbyaddr;
        getservbyname;
        getservbyport;
        getprotobyname;
        getprotobynumber;

        /* resolver internal */
        __h_errno_location;
        gethostbyname2_r;

        /* inet / network byte order */
        htons;
        htonl;
        ntohs;
        ntohl;
        inet_pton;
        inet_ntop;
        inet_addr;
        inet_aton;
        inet_ntoa;
        if_nametoindex;
        if_indextoname;
        if_nameindex;
        if_freenameindex;
        getservbyname_r;
        getservbyport_r;
        gethostbyname_r;
        gethostbyaddr_r;

        /* unistd / POSIX I/O */
        read;
        write;
        close;
        open;
        creat;
        lseek;
        access;
        chdir;
        fchdir;
        getcwd;
        readlink;
        symlink;
        link;
        unlink;
        rmdir;
        rename;
        mkdir;
        chmod;
        fchmod;
        chown;
        fchown;
        lchown;
        umask;
        truncate;
        ftruncate;
        flock;
        stat;
        lstat;
        fstat;
        fsync;
        fdatasync;
        sleep;
        usleep;
        isatty;
        uname;
        gethostname;
        getrusage;
        alarm;
        getpid;
        getppid;
        getuid;
        geteuid;
        getgid;
        getegid;
        getpgid;
        getsid;
        setpgid;
        setsid;
        setuid;
        seteuid;
        setreuid;
        setgid;
        setegid;
        setregid;
        getgroups;
        setgroups;

        /* inotify */
        inotify_init;
        inotify_init1;
        inotify_add_watch;
        inotify_rm_watch;

        /* interval timers */
        setitimer;
        getitimer;

        /* filesystem creation */
        mknod;
        mkfifo;

        /* system configuration */
        sysconf;
        sysinfo;
        get_nprocs;
        get_nprocs_conf;
        get_phys_pages;
        get_avphys_pages;
        getdtablesize;

        /* command-line parsing */
        getopt;
        getopt_long;
        getopt_long_only;

        /* GNU hash table */
        hcreate;
        hdestroy;
        hsearch;
        hcreate_r;
        hdestroy_r;
        hsearch_r;

        /* POSIX search tree */
        tsearch;
        tfind;
        tdelete;
        twalk;
        tdestroy;
        lfind;
        lsearch;

        /* getauxval */
        getauxval;

        /* shell database */
        getusershell;
        setusershell;
        endusershell;

        /* legacy */
        gets;
        tmpnam_r;

        /* terminal */
        cfmakeraw;
        cfsetspeed;

        /* argz/envz (GNU) */
        argz_create;
        argz_create_sep;
        argz_count;
        argz_next;
        argz_add;
        argz_add_sep;
        argz_append;
        argz_delete;
        argz_extract;
        argz_insert;
        argz_replace;
        argz_stringify;
        envz_entry;
        envz_get;
        envz_add;
        envz_merge;
        envz_remove;
        envz_strip;

        /* GNU/BSD error printing */
        error;
        error_at_line;
        err;
        errx;
        warn;
        warnx;
        verr;
        verrx;
        vwarn;
        vwarnx;

        /* system info */
        getloadavg;
        get_nprocs;
        get_nprocs_conf;
        get_phys_pages;
        get_avphys_pages;

        /* backtrace */
        backtrace;
        backtrace_symbols;
        backtrace_symbols_fd;

        /* gettext */
        bind_textdomain_codeset;

        /* network interface enumeration */
        if_nameindex;
        if_freenameindex;

        /* FTS file hierarchy traversal */
        fts_open;
        fts_read;
        fts_children;
        fts_set;
        fts_close;

        /* *at() family — directory-fd-relative operations */
        openat;
        fstatat;
        unlinkat;
        renameat;
        mkdirat;
        readlinkat;
        symlinkat;
        faccessat;
        fchownat;
        fchmodat;
        linkat;
        mkfifoat;
        mknodat;
        utimensat;
        futimens;
        renameat2;

        /* process */
        fork;
        vfork;
        execve;
        execvp;
        execveat;
        wait;
        waitpid;
        wait3;
        wait4;
        waitid;
        _exit;
        execvpe;
        getpgrp;
        setpgrp;
        getpriority;
        setpriority;

        /* signal */
        signal;
        sigaction;
        kill;
        killpg;
        raise;
        tgkill;
        tkill;
        sigprocmask;
        pthread_sigmask;
        sigemptyset;
        sigfillset;
        sigaddset;
        sigdelset;
        sigismember;
        pause;
        sigsuspend;
        sigaltstack;
        sigwait;
        sigpending;

        /* setjmp / longjmp */
        setjmp;
        _setjmp;
        sigsetjmp;
        longjmp;
        _longjmp;
        siglongjmp;

        /* I/O */
        dup;
        dup2;
        dup3;
        pipe;
        pipe2;
        fcntl;
        ioctl;
        pread;
        pread64;
        pwrite;
        pwrite64;
        readv;
        writev;
        preadv;
        pwritev;
        preadv2;
        pwritev2;
        sendfile;
        sendfile64;
        splice;
        tee;
        vmsplice;
        memfd_create;

        /* poll/select/epoll */
        poll;
        ppoll;
        select;
        pselect;
        epoll_create;
        epoll_create1;
        epoll_ctl;
        epoll_wait;
        epoll_pwait;
        epoll_pwait2;

        /* eventfd / timerfd */
        eventfd;
        eventfd_read;
        eventfd_write;
        timerfd_create;
        timerfd_settime;
        timerfd_gettime;

        /* scheduler / prctl */
        sched_yield;
        prctl;
        sched_getscheduler;
        sched_setscheduler;
        sched_getparam;
        sched_setparam;
        sched_get_priority_min;
        sched_get_priority_max;
        sched_setattr;
        sched_getattr;

        /* brk/sbrk (legacy) */
        brk;
        sbrk;

        /* mmap */
        mmap;
        mmap64;
        munmap;
        mprotect;
        msync;
        madvise;
        mlock;
        munlock;
        mlockall;
        munlockall;
        mremap;

        /* directory */
        opendir;
        closedir;
        readdir;
        readdir_r;
        readdir64;
        seekdir;
        telldir;
        rewinddir;
        scandir;
        scandir64;
        alphasort;
        versionsort;

        /* C11 threads */
        thrd_create;
        thrd_join;
        thrd_detach;
        thrd_exit;
        thrd_current;
        thrd_equal;
        thrd_sleep;
        thrd_yield;
        mtx_init;
        mtx_lock;
        mtx_trylock;
        mtx_timedlock;
        mtx_unlock;
        mtx_destroy;
        cnd_init;
        cnd_signal;
        cnd_broadcast;
        cnd_wait;
        cnd_timedwait;
        cnd_destroy;
        tss_create;
        tss_get;
        tss_set;
        tss_delete;
        call_once;

        /* time */
        time;
        clock;
        clock_gettime;
        clock_settime;
        clock_getres;
        clock_nanosleep;
        localtime_r;
        gmtime_r;
        mktime;
        timegm;
        difftime;
        gettimeofday;
        nanosleep;
        asctime_r;
        ctime_r;
        strftime;
        gmtime;
        localtime;
        asctime;
        ctime;
        strptime;
        tzset;
        timespec_get;
        timespec_getres;

        /* termios */
        tcgetattr;
        tcsetattr;
        tcsendbreak;
        tcdrain;
        tcflush;
        tcflow;
        cfgetispeed;
        cfgetospeed;
        cfsetispeed;
        cfsetospeed;
        tcgetpgrp;
        tcsetpgrp;
        tcgetsid;

        /* resource */
        getrlimit;
        setrlimit;
        prlimit;
        prlimit64;
        lockf;
        posix_fallocate;
        posix_madvise;

        /* dlfcn */
        dlopen;
        dlclose;
        dlsym;
        dlerror;
        dladdr;
        dl_iterate_phdr;

        /* syslog */
        openlog;
        syslog;
        closelog;
        vsyslog;
        setlogmask;

        /* err.h — BSD/GNU error reporting */
        err;
        errx;
        warn;
        warnx;
        verr;
        verrx;
        vwarn;
        vwarnx;

        /* search.h — hash table, binary tree, linear search */
        hcreate;
        hsearch;
        hdestroy;
        hcreate_r;
        hsearch_r;
        hdestroy_r;
        tsearch;
        tfind;
        tdelete;
        twalk;
        lfind;
        lsearch;
        insque;
        remque;

        /* regex / pattern matching */
        regcomp;
        regexec;
        regfree;
        regerror;
        fnmatch;
        glob;
        globfree;

        /* login/tty/hostname */
        getlogin;
        getlogin_r;
        ttyname;
        ttyname_r;
        ctermid;
        getpass;
        cuserid;
        sethostname;
        setdomainname;

        /* generic syscall */
        syscall;

        /* misc POSIX */
        confstr;
        pathconf;
        fpathconf;
        nice;
        daemon;
        getpagesize;
        gethostid;
        getdomainname;
        mkdtemp;
        get_current_dir_name;
        sockatmark;

        /* filesystem status */
        statfs;
        fstatfs;
        statvfs;
        fstatvfs;

        /* directory entries */
        getdents64;

        /* getrandom / statx / fallocate */
        getrandom;
        statx;
        fallocate;

        /* copy_file_range */
        copy_file_range;

        /* posix_spawn */
        posix_spawn;
        posix_spawnp;
        posix_spawn_file_actions_init;
        posix_spawn_file_actions_destroy;
        posix_spawnattr_init;
        posix_spawnattr_destroy;
        posix_spawn_file_actions_addclose;
        posix_spawn_file_actions_adddup2;
        posix_spawn_file_actions_addopen;
        posix_spawn_file_actions_addchdir_np;
        posix_spawn_file_actions_addfchdir_np;
        posix_spawnattr_getflags;
        posix_spawnattr_setflags;
        posix_spawnattr_getsigdefault;
        posix_spawnattr_setsigdefault;
        posix_spawnattr_getsigmask;
        posix_spawnattr_setsigmask;
        posix_spawnattr_getpgroup;
        posix_spawnattr_setpgroup;
        posix_spawnattr_getschedparam;
        posix_spawnattr_setschedparam;
        posix_spawnattr_getschedpolicy;
        posix_spawnattr_setschedpolicy;

        /* file tree walk */
        ftw;
        nftw;

        /* i18n / gettext */
        gettext;
        dgettext;
        ngettext;
        dcgettext;
        dcngettext;
        dngettext;
        textdomain;
        bindtextdomain;

        /* scheduler affinity */
        sched_getaffinity;
        sched_setaffinity;

        /* random */
        getentropy;
        arc4random;
        arc4random_buf;
        arc4random_uniform;

        /* POSIX shared memory */
        shm_open;
        shm_unlink;

        /* POSIX semaphores */
        sem_open;
        sem_close;
        sem_unlink;
        sem_wait;
        sem_trywait;
        sem_timedwait;
        sem_post;
        sem_getvalue;
        sem_init;
        sem_destroy;

        /* POSIX message queues */
        mq_open;
        mq_close;
        mq_unlink;
        mq_send;
        mq_receive;
        mq_getattr;
        mq_setattr;
        mq_timedreceive;
        mq_timedsend;
        mq_notify;

        /* wordexp */
        wordexp;
        wordfree;

        /* Linux-specific syscalls */
        signalfd;
        close_range;
        pidfd_open;
        pidfd_send_signal;
        pidfd_getfd;
        seccomp;
        userfaultfd;
        kcmp;
        perf_event_open;
        ptrace;
        capget;
        capset;
        futex;
        membarrier;
        ioprio_set;
        ioprio_get;

        /* extended attributes */
        getxattr;
        setxattr;
        listxattr;
        removexattr;
        fgetxattr;
        fsetxattr;
        flistxattr;
        fremovexattr;
        lgetxattr;
        lsetxattr;
        llistxattr;
        lremovexattr;

        /* misc Linux */
        mincore;
        posix_fadvise;
        posix_fadvise64;
        readahead;
        syncfs;
        sync;
        sync_file_range;
        remap_file_pages;
        quotactl;
        lookup_dcookie;

        /* PTY */
        openpty;
        login_tty;
        forkpty;
        grantpt;
        unlockpt;
        ptsname;
        ptsname_r;
        posix_openpt;
        getpt;

        /* crypt */
        crypt;

        /* SysV IPC */
        shmget;
        shmctl;
        shmat;
        shmdt;
        semget;
        semctl;
        semop;
        msgget;
        msgctl;
        msgsnd;
        msgrcv;

        /* signal extras */
        sigqueue;
        sigtimedwait;
        sigwaitinfo;

        /* network interfaces */
        getifaddrs;
        freeifaddrs;
        ether_aton;
        ether_ntoa;
        ether_aton_r;
        ether_ntoa_r;
        herror;
        hstrerror;

        /* exec family (variadic) */
        execl;
        execlp;
        execle;

        /* POSIX timers */
        timer_create;
        timer_settime;
        timer_gettime;
        timer_delete;
        timer_getoverrun;

        /* POSIX async I/O */
        aio_read;
        aio_write;
        aio_error;
        aio_return;
        aio_cancel;
        aio_suspend;
        aio_fsync;
        lio_listio;

        /* mount table */
        setmntent;
        getmntent;
        getmntent_r;
        endmntent;
        hasmntopt;
        addmntent;

        /* multi-message socket */
        sendmmsg;
        recvmmsg;

        /* scheduler */
        sched_rr_get_interval;

        /* resolver */
        res_init;
        res_query;
        res_search;

        /* network database iterators */
        gethostbyname2;
        gethostent;
        sethostent;
        endhostent;
        getnetent;
        setnetent;
        endnetent;
        getnetbyname;
        getnetbyaddr;
        getservent;
        setservent;
        endservent;
        getprotoent;
        setprotoent;
        endprotoent;

        /* passwd/group extras */
        getpwent_r;
        getgrent_r;
        fgetpwent;
        fgetgrent;
        getgrouplist;
        initgroups;

        /* shadow password */
        getspnam;
        getspnam_r;
        getspent;
        getspent_r;
        setspent;
        endspent;

        /* utmp */
        getutent;
        setutent;
        endutent;
        utmpname;

        /* namespace / mount / security */
        setns;
        unshare;
        mount;
        umount;
        umount2;
        chroot;
        pivot_root;
        acct;
        reboot;
        swapon;
        swapoff;

        /* UID/GID extras */
        getresuid;
        getresgid;
        setresuid;
        setresgid;

        /* fanotify */
        fanotify_init;
        fanotify_mark;

        /* process_vm */
        process_vm_readv;
        process_vm_writev;
        process_madvise;
        process_mrelease;

        /* personality */
        personality;

        /* mlock2, handle */
        mlock2;
        name_to_handle_at;
        open_by_handle_at;

        /* memory protection keys */
        pkey_alloc;
        pkey_free;
        pkey_mprotect;

        /* io_uring */
        io_uring_setup;
        io_uring_enter;
        io_uring_register;

        /* native Linux AIO */
        io_setup;
        io_destroy;
        io_submit;
        io_cancel;
        io_getevents;

        /* landlock */
        landlock_create_ruleset;
        landlock_add_rule;
        landlock_restrict_self;

        /* kernel keyring */
        add_key;
        request_key;
        keyctl;

        /* glibc stat compat */
        __xstat;
        __fxstat;
        __lxstat;
        __xstat64;
        __fxstat64;
        __lxstat64;
        __fxstatat;
        __fxstatat64;

        /* ether helpers */
        ether_ntohost;
        ether_hostton;
        ether_line;

        /* versionsort 64-bit */
        versionsort64;

        /* 64-bit LFS variants */
        open64;
        creat64;
        stat64;
        fstat64;
        lstat64;
        fstatat64;
        lseek64;
        truncate64;
        ftruncate64;
        fopen64;
        freopen64;
        tmpfile64;
        fseeko64;
        ftello64;
        fgetpos64;
        fsetpos64;
        glob64;
        globfree64;
        nftw64;
        alphasort64;
        getrlimit64;
        setrlimit64;
        statfs64;
        fstatfs64;
        statvfs64;
        fstatvfs64;
        lockf64;
        fallocate64;
        fcntl64;
        preadv64;
        pwritev64;
        readdir64_r;

        /* pthread attr extensions */
        pthread_attr_getinheritsched;
        pthread_attr_setinheritsched;
        pthread_attr_getschedparam;
        pthread_attr_setschedparam;
        pthread_attr_getschedpolicy;
        pthread_attr_setschedpolicy;
        pthread_attr_getscope;
        pthread_attr_setscope;
        pthread_attr_getstack;
        pthread_attr_setstack;
        pthread_attr_getstackaddr;
        pthread_attr_setstackaddr;

        /* pthread barrier attributes */
        pthread_barrierattr_init;
        pthread_barrierattr_destroy;
        pthread_barrierattr_getpshared;
        pthread_barrierattr_setpshared;

        /* pthread condvar/mutex/rwlock attr extensions */
        pthread_condattr_getpshared;
        pthread_condattr_setpshared;
        pthread_mutexattr_getprotocol;
        pthread_mutexattr_setprotocol;
        pthread_mutexattr_getpshared;
        pthread_mutexattr_setpshared;
        pthread_mutexattr_getrobust;
        pthread_mutexattr_setrobust;
        pthread_rwlockattr_getpshared;
        pthread_rwlockattr_setpshared;

        /* pthread timed/clock operations */
        pthread_mutex_timedlock;
        pthread_mutex_consistent;
        pthread_mutex_clocklock;
        pthread_rwlock_timedrdlock;
        pthread_rwlock_timedwrlock;
        pthread_rwlock_clockrdlock;
        pthread_rwlock_clockwrlock;
        pthread_cond_clockwait;

        /* pthread join extensions (GNU) */
        pthread_timedjoin_np;
        pthread_tryjoin_np;
        pthread_clockjoin_np;

        /* pthread signals */
        pthread_kill;
        pthread_sigqueue;

        /* pthread affinity (running thread) */
        pthread_getaffinity_np;
        pthread_setaffinity_np;

        /* pthread obsolete compat */
        pthread_setconcurrency;
        pthread_getconcurrency;
        pthread_yield;

        /* signal extensions */
        siginterrupt;
        sighold;
        sigrelse;
        sigignore;
        psiginfo;
        sigabbrev_np;
        sigdescr_np;
        sigandset;
        sigorset;
        sigisemptyset;
        __libc_current_sigrtmin;
        __libc_current_sigrtmax;

        /* System V IPC key */
        ftok;

        /* shadow password */
        getspnam;
        getspnam_r;
        getspent;
        getspent_r;
        setspent;
        endspent;
        putspent;

        /* malloc debugging stubs */
        mcheck;
        mcheck_pedantic;
        mcheck_check_all;
        mprobe;
        mtrace;
        muntrace;

        /* GNU error reporting */
        error;
        error_at_line;

        /* XSI fmtmsg */
        fmtmsg;

        /* utmpx session accounting */
        setutxent;
        endutxent;
        getutxent;
        getutxid;
        getutxline;
        pututxline;
        utmpxname;

        /* pthread extensions (GNU) */
        pthread_exit;
        pthread_getcpuclockid;
        pthread_gettid_np;
        pthread_attr_getsigmask_np;
        pthread_attr_setsigmask_np;
        pthread_getattr_default_np;
        pthread_setattr_default_np;

        /* process lifecycle extensions */
        execv;
        fexecve;
        clone;
        eaccess;
        euidaccess;
        closefrom;
        bsd_signal;

        /* clock extensions */
        clock_getcpuclockid;
        clock_adjtime;

        /* GNU dev_t helpers */
        gnu_dev_major;
        gnu_dev_minor;
        gnu_dev_makedev;

        /* DNS resolver helpers */
        dn_comp;
        dn_expand;
        dn_skipname;

        /* alias database */
        endaliasent;
        getaliasbyname;
        getaliasbyname_r;
        getaliasent;
        getaliasent_r;

        /* filesystem/shell database */
        endfsent;
        endttyent;

        /* netgroup database */
        endnetgrent;
        setnetgrent;
        getnetgrent;
        getnetgrent_r;

        /* RPC database */
        endrpcent;
        setrpcent;
        getrpcbyname;
        getrpcbyname_r;
        getrpcbynumber;
        getrpcbynumber_r;
        getrpcent;
        getrpcent_r;

        /* shadow/pwd/grp file parsing */
        fgetspent;
        fgetspent_r;
        fgetpwent_r;
        fgetgrent_r;

        /* syslog extension */
        addseverity;

        /* POSIX AIO 64-bit LFS */
        aio_cancel64;
        aio_error64;
        aio_fsync64;
        aio_init;
        aio_read64;
        aio_return64;
        aio_suspend64;
        aio_write64;
        lio_listio64;

        /* LFS 64-bit extensions */
        ftw64;
        posix_fallocate64;
        openat64;

        /* FTS 64-bit file hierarchy traversal */
        fts64_open;
        fts64_read;
        fts64_close;
        fts64_children;
        fts64_set;

        /* argp argument parsing */
        argp_parse;
        argp_help;
        argp_usage;
        argp_error;
        argp_failure;
        argp_state_help;

        /* obstack */
        obstack_free;
        obstack_printf;
        obstack_vprintf;

        /* POSIX ucontext */
        getcontext;
        setcontext;
        makecontext;
        swapcontext;

        /* wide string extensions */
        wcschrnul;
        wcslcat;
        wcslcpy;
        wcstoimax;
        wcstoumax;
        open_wmemstream;
        getwc;
        putwc;

        /* wide I/O unlocked */
        fgetwc_unlocked;
        fgetws_unlocked;
        fputwc_unlocked;
        fputws_unlocked;
        getwc_unlocked;
        getwchar_unlocked;
        putwc_unlocked;
        putwchar_unlocked;

        /* directory extensions */
        fdopendir;
        dirfd;

    local:
        *;
};
